Archive member included to satisfy reference by file (symbol)

d:/program files/atmel/studio/7.0/toolchain/arm/arm-gnu-toolchain/bin/../lib/gcc/arm-none-eabi/6.3.1/thumb/v7e-m\libgcc.a(_arm_addsubdf3.o)
                              hpl/sercom/hpl_sercom.o (__aeabi_dsub)
d:/program files/atmel/studio/7.0/toolchain/arm/arm-gnu-toolchain/bin/../lib/gcc/arm-none-eabi/6.3.1/thumb/v7e-m\libgcc.a(_arm_muldivdf3.o)
                              BLDC_driver.o (__aeabi_dmul)
d:/program files/atmel/studio/7.0/toolchain/arm/arm-gnu-toolchain/bin/../lib/gcc/arm-none-eabi/6.3.1/thumb/v7e-m\libgcc.a(_arm_fixunsdfsi.o)
                              hpl/sercom/hpl_sercom.o (__aeabi_d2uiz)
d:/program files/atmel/studio/7.0/toolchain/arm/arm-gnu-toolchain/bin/../lib/gcc/arm-none-eabi/6.3.1/thumb/v7e-m\libgcc.a(_arm_truncdfsf2.o)
                              BLDC_driver.o (__aeabi_d2f)
d:/program files/atmel/studio/7.0/toolchain/arm/arm-gnu-toolchain/bin/../lib/gcc/arm-none-eabi/6.3.1/thumb/v7e-m\libgcc.a(_aeabi_uldivmod.o)
                              hpl/sercom/hpl_sercom.o (__aeabi_uldivmod)
d:/program files/atmel/studio/7.0/toolchain/arm/arm-gnu-toolchain/bin/../lib/gcc/arm-none-eabi/6.3.1/thumb/v7e-m\libgcc.a(_udivmoddi4.o)
                              d:/program files/atmel/studio/7.0/toolchain/arm/arm-gnu-toolchain/bin/../lib/gcc/arm-none-eabi/6.3.1/thumb/v7e-m\libgcc.a(_aeabi_uldivmod.o) (__udivmoddi4)
d:/program files/atmel/studio/7.0/toolchain/arm/arm-gnu-toolchain/bin/../lib/gcc/arm-none-eabi/6.3.1/thumb/v7e-m\libgcc.a(_dvmd_tls.o)
                              d:/program files/atmel/studio/7.0/toolchain/arm/arm-gnu-toolchain/bin/../lib/gcc/arm-none-eabi/6.3.1/thumb/v7e-m\libgcc.a(_aeabi_uldivmod.o) (__aeabi_ldiv0)
d:/program files/atmel/studio/7.0/toolchain/arm/arm-gnu-toolchain/bin/../lib/gcc/arm-none-eabi/6.3.1/../../../../arm-none-eabi/lib/thumb/v7e-m\libc_nano.a(lib_a-exit.o)
                              d:/program files/atmel/studio/7.0/toolchain/arm/arm-gnu-toolchain/bin/../lib/gcc/arm-none-eabi/6.3.1/../../../../arm-none-eabi/lib/thumb/v7e-m/crt0.o (exit)
d:/program files/atmel/studio/7.0/toolchain/arm/arm-gnu-toolchain/bin/../lib/gcc/arm-none-eabi/6.3.1/../../../../arm-none-eabi/lib/thumb/v7e-m\libc_nano.a(lib_a-impure.o)
                              d:/program files/atmel/studio/7.0/toolchain/arm/arm-gnu-toolchain/bin/../lib/gcc/arm-none-eabi/6.3.1/../../../../arm-none-eabi/lib/thumb/v7e-m\libc_nano.a(lib_a-exit.o) (_global_impure_ptr)
d:/program files/atmel/studio/7.0/toolchain/arm/arm-gnu-toolchain/bin/../lib/gcc/arm-none-eabi/6.3.1/../../../../arm-none-eabi/lib/thumb/v7e-m\libc_nano.a(lib_a-init.o)
                              d:/program files/atmel/studio/7.0/toolchain/arm/arm-gnu-toolchain/bin/../lib/gcc/arm-none-eabi/6.3.1/../../../../arm-none-eabi/lib/thumb/v7e-m/crt0.o (__libc_init_array)
d:/program files/atmel/studio/7.0/toolchain/arm/arm-gnu-toolchain/bin/../lib/gcc/arm-none-eabi/6.3.1/../../../../arm-none-eabi/lib/thumb/v7e-m\libc_nano.a(lib_a-memset.o)
                              d:/program files/atmel/studio/7.0/toolchain/arm/arm-gnu-toolchain/bin/../lib/gcc/arm-none-eabi/6.3.1/../../../../arm-none-eabi/lib/thumb/v7e-m/crt0.o (memset)
d:/program files/atmel/studio/7.0/toolchain/arm/arm-gnu-toolchain/bin/../lib/gcc/arm-none-eabi/6.3.1/../../../../arm-none-eabi/lib/thumb/v7e-m\libc_nano.a(lib_a-printf.o)
                              hal/utils/src/utils_syscalls.o (printf)
d:/program files/atmel/studio/7.0/toolchain/arm/arm-gnu-toolchain/bin/../lib/gcc/arm-none-eabi/6.3.1/../../../../arm-none-eabi/lib/thumb/v7e-m\libc_nano.a(lib_a-findfp.o)
                              d:/program files/atmel/studio/7.0/toolchain/arm/arm-gnu-toolchain/bin/../lib/gcc/arm-none-eabi/6.3.1/../../../../arm-none-eabi/lib/thumb/v7e-m\libc_nano.a(lib_a-printf.o) (__sinit)
d:/program files/atmel/studio/7.0/toolchain/arm/arm-gnu-toolchain/bin/../lib/gcc/arm-none-eabi/6.3.1/../../../../arm-none-eabi/lib/thumb/v7e-m\libc_nano.a(lib_a-fwalk.o)
                              d:/program files/atmel/studio/7.0/toolchain/arm/arm-gnu-toolchain/bin/../lib/gcc/arm-none-eabi/6.3.1/../../../../arm-none-eabi/lib/thumb/v7e-m\libc_nano.a(lib_a-findfp.o) (_fwalk)
d:/program files/atmel/studio/7.0/toolchain/arm/arm-gnu-toolchain/bin/../lib/gcc/arm-none-eabi/6.3.1/../../../../arm-none-eabi/lib/thumb/v7e-m\libc_nano.a(lib_a-nano-mallocr.o)
                              d:/program files/atmel/studio/7.0/toolchain/arm/arm-gnu-toolchain/bin/../lib/gcc/arm-none-eabi/6.3.1/../../../../arm-none-eabi/lib/thumb/v7e-m\libc_nano.a(lib_a-findfp.o) (_malloc_r)
d:/program files/atmel/studio/7.0/toolchain/arm/arm-gnu-toolchain/bin/../lib/gcc/arm-none-eabi/6.3.1/../../../../arm-none-eabi/lib/thumb/v7e-m\libc_nano.a(lib_a-nano-vfprintf.o)
[...]
Memory Configuration

Name             Origin             Length             Attributes
rom              0x00000000         0x00040000         xr
ram              0x20000000         0x00020000         xrw
bkupram          0x47000000         0x00002000         xrw
qspi             0x04000000         0x01000000         xrw
*default*        0x00000000         0xffffffff

Linker script and memory map

LOAD d:/program files/atmel/studio/7.0/toolchain/arm/arm-gnu-toolchain/bin/../lib/gcc/arm-none-eabi/6.3.1/thumb/v7e-m/crti.o
LOAD d:/program files/atmel/studio/7.0/toolchain/arm/arm-gnu-toolchain/bin/../lib/gcc/arm-none-eabi/6.3.1/thumb/v7e-m/crtbegin.o
LOAD d:/program files/atmel/studio/7.0/toolchain/arm/arm-gnu-toolchain/bin/../lib/gcc/arm-none-eabi/6.3.1/../../../../arm-none-eabi/lib/thumb/v7e-m/crt0.o
LOAD atmel_start.o
LOAD BLDC_Control_Law.o
LOAD BLDC_driver.o
LOAD Device_Startup/startup_samd51.o
LOAD Device_Startup/system_samd51.o
LOAD driver_init.o
LOAD encoder_driver.o
LOAD examples/driver_examples.o
LOAD hal/src/hal_adc_async.o
LOAD hal/src/hal_atomic.o
LOAD hal/src/hal_cache.o
LOAD hal/src/hal_delay.o
LOAD hal/src/hal_evsys.o
LOAD hal/src/hal_gpio.o
LOAD hal/src/hal_init.o
LOAD hal/src/hal_io.o
LOAD hal/src/hal_qspi_sync.o
LOAD hal/src/hal_sleep.o
LOAD hal/src/hal_spi_m_async.o
LOAD hal/src/hal_timer.o
LOAD hal/utils/src/utils_assert.o
LOAD hal/utils/src/utils_event.o
LOAD hal/utils/src/utils_list.o
LOAD hal/utils/src/utils_ringbuffer.o
LOAD hal/utils/src/utils_syscalls.o
LOAD hpl/adc/hpl_adc.o
LOAD hpl/ccl/hpl_ccl.o
LOAD hpl/cmcc/hpl_cmcc.o
LOAD hpl/core/hpl_core_m4.o
LOAD hpl/core/hpl_init.o
LOAD hpl/dmac/hpl_dmac.o
LOAD hpl/evsys/hpl_evsys.o
LOAD hpl/gclk/hpl_gclk.o
LOAD hpl/mclk/hpl_mclk.o
LOAD hpl/osc32kctrl/hpl_osc32kctrl.o
LOAD hpl/oscctrl/hpl_oscctrl.o
LOAD hpl/pm/hpl_pm.o
LOAD hpl/qspi/hpl_qspi.o
LOAD hpl/ramecc/hpl_ramecc.o
LOAD hpl/sercom/hpl_sercom.o
LOAD hpl/tcc/tcc_lite.o
LOAD hpl/tc/hpl_tc.o
LOAD hpl/tc/tc_lite.o
LOAD main.o
LOAD qspi_ethercat.o
START GROUP
LOAD d:/program files/atmel/studio/7.0/toolchain/arm/arm-gnu-toolchain/bin/../lib/gcc/arm-none-eabi/6.3.1/../../../../arm-none-eabi/lib/thumb/v7e-m\libm.a
END GROUP
START GROUP
LOAD d:/program files/atmel/studio/7.0/toolchain/arm/arm-gnu-toolchain/bin/../lib/gcc/arm-none-eabi/6.3.1/thumb/v7e-m\libgcc.a
LOAD d:/program files/atmel/studio/7.0/toolchain/arm/arm-gnu-toolchain/bin/../lib/gcc/arm-none-eabi/6.3.1/../../../../arm-none-eabi/lib/thumb/v7e-m\libc_nano.a
END GROUP
START GROUP
LOAD d:/program files/atmel/studio/7.0/toolchain/arm/arm-gnu-toolchain/bin/../lib/gcc/arm-none-eabi/6.3.1/thumb/v7e-m\libgcc.a
LOAD d:/program files/atmel/studio/7.0/toolchain/arm/arm-gnu-toolchain/bin/../lib/gcc/arm-none-eabi/6.3.1/../../../../arm-none-eabi/lib/thumb/v7e-m\libc_nano.a
END GROUP
LOAD d:/program files/atmel/studio/7.0/toolchain/arm/arm-gnu-toolchain/bin/../lib/gcc/arm-none-eabi/6.3.1/thumb/v7e-m/crtend.o
LOAD d:/program files/atmel/studio/7.0/toolchain/arm/arm-gnu-toolchain/bin/../lib/gcc/arm-none-eabi/6.3.1/thumb/v7e-m/crtn.o
                0x00008000                STACK_SIZE = DEFINED (STACK_SIZE)?STACK_SIZE:DEFINED (__stack_size__)?__stack_size__:0x8000

.text           0x00000000     0x4524
                0x00000000                . = ALIGN (0x4)
                0x00000000                _sfixed = .
 *(.vectors .vectors.*)
 .vectors       0x00000000      0x264 Device_Startup/startup_samd51.o
                0x00000000                exception_table
 *(.text .text.* .gnu.linkonce.t.*)
 .text          0x00000264       0x6c d:/program files/atmel/studio/7.0/toolchain/arm/arm-gnu-toolchain/bin/../lib/gcc/arm-none-eabi/6.3.1/thumb/v7e-m/crtbegin.o
 .text.atmel_start_init
                0x000002d0        0xc atmel_start.o
                0x000002d0                atmel_start_init
 .text.pid_controller
                0x000002dc       0xcc BLDC_Control_Law.o
                0x000002dc                pid_controller
 .text.init_PWM
                0x000003a8       0x88 BLDC_driver.o
                0x000003a8                init_PWM
 .text.set_PWM_dutycycle
                0x00000430       0x74 BLDC_driver.o
                0x00000430                set_PWM_dutycycle
 .text.init_currentPID
                0x000004a4       0x34 BLDC_driver.o
                0x000004a4                init_currentPID
 .text.init_speedPID
                0x000004d8       0x34 BLDC_driver.o
                0x000004d8                init_speedPID
 .text.init_posPID
                0x0000050c       0x34 BLDC_driver.o
                0x0000050c                init_posPID
 .text.init_torquePID
                0x00000540       0x34 BLDC_driver.o
                0x00000540                init_torquePID
 .text.BLDC_find_step
                0x00000574       0x8c BLDC_driver.o
                0x00000574                BLDC_find_step
 .text.BLDC_revolution_counter
                0x00000600       0x80 BLDC_driver.o
                0x00000600                BLDC_revolution_counter
 .text.BLDC_drive
                0x00000680      0x104 BLDC_driver.o
                0x00000680                BLDC_drive
 .text.BLDC_control_current
                0x00000784       0xf8 BLDC_driver.o
                0x00000784                BLDC_control_current
 .text.BLDC_control_speed
                0x0000087c      0x150 BLDC_driver.o
                0x0000087c                BLDC_control_speed
 .text.BLDC_control_position
                0x000009cc      0x1a8 BLDC_driver.o
                0x000009cc                BLDC_control_position
 .text.BLDC_control_torque
                0x00000b74      0x148 BLDC_driver.o
                0x00000b74                BLDC_control_torque
 .text.get_BLDC_commutation_state
                0x00000cbc        0xc BLDC_driver.o
                0x00000cbc                get_BLDC_commutation_state
 .text.get_BLDC_direction
                0x00000cc8        0xc BLDC_driver.o
                0x00000cc8                get_BLDC_direction
 .text.Dummy_Handler
                0x00000cd4        0x2 Device_Startup/startup_samd51.o
                0x00000cd4                EIC_5_Handler
                0x00000cd4                SVCall_Handler
                0x00000cd4                SERCOM0_2_Handler
                0x00000cd4                EIC_13_Handler
                0x00000cd4                EVSYS_0_Handler
                0x00000cd4                TCC1_3_Handler
                0x00000cd4                DAC_3_Handler
                0x00000cd4                TRNG_Handler
                0x00000cd4                HardFault_Handler
                0x00000cd4                PDEC_2_Handler
                0x00000cd4                EIC_4_Handler
                0x00000cd4                AC_Handler
                0x00000cd4                SERCOM3_1_Handler
                0x00000cd4                SysTick_Handler
                0x00000cd4                TCC2_3_Handler
                0x00000cd4                SERCOM3_2_Handler
                0x00000cd4                PendSV_Handler
                0x00000cd4                EVSYS_3_Handler
                0x00000cd4                PDEC_0_Handler
                0x00000cd4                QSPI_Handler
                0x00000cd4                NonMaskableInt_Handler
                0x00000cd4                TCC0_0_Handler
                0x00000cd4                EIC_3_Handler
                0x00000cd4                MemManagement_Handler
                0x00000cd4                DAC_2_Handler
                0x00000cd4                SERCOM0_0_Handler
                0x00000cd4                RTC_Handler
                0x00000cd4                UsageFault_Handler
                0x00000cd4                SERCOM4_0_Handler
                0x00000cd4                EIC_10_Handler
                0x00000cd4                SERCOM0_3_Handler
                0x00000cd4                EIC_11_Handler
                0x00000cd4                EIC_9_Handler
                0x00000cd4                OSC32KCTRL_Handler
                0x00000cd4                TCC2_1_Handler
                0x00000cd4                SUPC_1_Handler
                0x00000cd4                TCC0_5_Handler
                0x00000cd4                TCC0_6_Handler
                0x00000cd4                EVSYS_1_Handler
                0x00000cd4                TCC1_4_Handler
                0x00000cd4                DMAC_0_Handler
                0x00000cd4                WDT_Handler
                0x00000cd4                EIC_8_Handler
                0x00000cd4                EIC_15_Handler
                0x00000cd4                TC1_Handler
                0x00000cd4                OSCCTRL_4_Handler
                0x00000cd4                SERCOM4_3_Handler
                0x00000cd4                EIC_12_Handler
                0x00000cd4                DMAC_4_Handler
                0x00000cd4                PAC_Handler
                0x00000cd4                TCC1_0_Handler
                0x00000cd4                USB_0_Handler
                0x00000cd4                OSCCTRL_0_Handler
                0x00000cd4                EIC_0_Handler
                0x00000cd4                OSCCTRL_3_Handler
                0x00000cd4                SERCOM4_1_Handler
                0x00000cd4                TC3_Handler
                0x00000cd4                Dummy_Handler
                0x00000cd4                TCC2_2_Handler
                0x00000cd4                TCC1_1_Handler
                0x00000cd4                DMAC_2_Handler
                0x00000cd4                SERCOM0_1_Handler
                0x00000cd4                OSCCTRL_2_Handler
                0x00000cd4                TCC1_2_Handler
                0x00000cd4                USB_1_Handler
                0x00000cd4                PM_Handler
                0x00000cd4                SERCOM2_3_Handler
                0x00000cd4                DAC_4_Handler
                0x00000cd4                TCC0_2_Handler
                0x00000cd4                DMAC_1_Handler
                0x00000cd4                USB_3_Handler
                0x00000cd4                TCC2_0_Handler
                0x00000cd4                PDEC_1_Handler
                0x00000cd4                USB_2_Handler
                0x00000cd4                SDHC0_Handler
                0x00000cd4                SERCOM1_1_Handler
                0x00000cd4                EIC_2_Handler
                0x00000cd4                PCC_Handler
                0x00000cd4                DAC_0_Handler
                0x00000cd4                TCC0_1_Handler
                0x00000cd4                SERCOM1_3_Handler
                0x00000cd4                EIC_6_Handler
                0x00000cd4                OSCCTRL_1_Handler
                0x00000cd4                SERCOM1_0_Handler
                0x00000cd4                PUKCC_Handler
                0x00000cd4                SERCOM2_1_Handler
                0x00000cd4                SERCOM1_2_Handler
                0x00000cd4                SERCOM3_0_Handler
                0x00000cd4                EIC_1_Handler
                0x00000cd4                SERCOM4_2_Handler
                0x00000cd4                EVSYS_4_Handler
                0x00000cd4                EIC_7_Handler
                0x00000cd4                NVMCTRL_1_Handler
                0x00000cd4                SERCOM3_3_Handler
                0x00000cd4                SERCOM2_2_Handler
                0x00000cd4                EIC_14_Handler
                0x00000cd4                DAC_1_Handler
                0x00000cd4                NVMCTRL_0_Handler
                0x00000cd4                MCLK_Handler
                0x00000cd4                EVSYS_2_Handler
                0x00000cd4                SUPC_0_Handler
                0x00000cd4                BusFault_Handler
                0x00000cd4                FREQM_Handler
                0x00000cd4                TCC0_3_Handler
                0x00000cd4                DMAC_3_Handler
                0x00000cd4                DebugMonitor_Handler
                0x00000cd4                TCC0_4_Handler
                0x00000cd4                SERCOM2_0_Handler
                0x00000cd4                AES_Handler
                0x00000cd4                ICM_Handler
 *fill*         0x00000cd6        0x2 
 .text.Reset_Handler
                0x00000cd8       0x7c Device_Startup/startup_samd51.o
                0x00000cd8                Reset_Handler
 .text.TIMER_2_init
                0x00000d54       0x3c driver_init.o
 .text.ADC_IB_init
                0x00000d90       0xf8 driver_init.o
                0x00000d90                ADC_IB_init
 .text.ADC_IA_init
                0x00000e88       0xa4 driver_init.o
                0x00000e88                ADC_IA_init
 .text.DIGITAL_GLUE_LOGIC_0_PORT_init
                0x00000f2c       0x88 driver_init.o
                0x00000f2c                DIGITAL_GLUE_LOGIC_0_PORT_init
 .text.DIGITAL_GLUE_LOGIC_0_CLOCK_init
                0x00000fb4       0x1c driver_init.o
                0x00000fb4                DIGITAL_GLUE_LOGIC_0_CLOCK_init
 .text.DIGITAL_GLUE_LOGIC_0_init
                0x00000fd0       0x1c driver_init.o
                0x00000fd0                DIGITAL_GLUE_LOGIC_0_init
 .text.EVENT_SYSTEM_0_init
                0x00000fec       0x30 driver_init.o
                0x00000fec                EVENT_SYSTEM_0_init
 .text.QUAD_SPI_0_PORT_init
                0x0000101c      0x188 driver_init.o
                0x0000101c                QUAD_SPI_0_PORT_init
 .text.QUAD_SPI_0_CLOCK_init
                0x000011a4       0x20 driver_init.o
                0x000011a4                QUAD_SPI_0_CLOCK_init
 .text.QUAD_SPI_0_init
                0x000011c4       0x28 driver_init.o
                0x000011c4                QUAD_SPI_0_init
 .text.SPI_ENC_PORT_init
                0x000011ec       0xbc driver_init.o
                0x000011ec                SPI_ENC_PORT_init
 .text.SPI_ENC_CLOCK_init
                0x000012a8       0x24 driver_init.o
                0x000012a8                SPI_ENC_CLOCK_init
 .text.SPI_ENC_init
                0x000012cc       0x28 driver_init.o
                0x000012cc                SPI_ENC_init
 .text.TIMER_1_CLOCK_init
                0x000012f4       0x1c driver_init.o
                0x000012f4                TIMER_1_CLOCK_init
 .text.TIMER_0_CLOCK_init
                0x00001310       0x1c driver_init.o
                0x00001310                TIMER_0_CLOCK_init
 .text.PWM_0_PORT_init
                0x0000132c       0xc8 driver_init.o
                0x0000132c                PWM_0_PORT_init
 .text.PWM_0_CLOCK_init
                0x000013f4       0x1c driver_init.o
                0x000013f4                PWM_0_CLOCK_init
 .text.system_init
                0x00001410      0x1a8 driver_init.o
                0x00001410                system_init
 .text.conversion_joint_encoder
                0x000015b8       0xac encoder_driver.o
                0x000015b8                conversion_joint_encoder
 .text.adc_async_window_threshold_reached
                0x00001664        0xa hal/src/hal_adc_async.o
 .text.adc_async_error_occured
                0x0000166e        0xa hal/src/hal_adc_async.o
 .text.adc_async_channel_conversion_done
                0x00001678       0x5c hal/src/hal_adc_async.o
 .text.adc_async_init
                0x000016d4       0xa8 hal/src/hal_adc_async.o
                0x000016d4                adc_async_init
 .text.adc_async_register_channel_buffer
                0x0000177c       0xb8 hal/src/hal_adc_async.o
                0x0000177c                adc_async_register_channel_buffer
 .text.atomic_enter_critical
                0x00001834        0xe hal/src/hal_atomic.o
                0x00001834                atomic_enter_critical
 .text.atomic_leave_critical
                0x00001842        0xc hal/src/hal_atomic.o
                0x00001842                atomic_leave_critical
 *fill*         0x0000184e        0x2 
 .text.delay_us
                0x00001850       0x20 hal/src/hal_delay.o
                0x00001850                delay_us
 .text.delay_ms
                0x00001870       0x20 hal/src/hal_delay.o
                0x00001870                delay_ms
 .text.event_system_init
                0x00001890        0xc hal/src/hal_evsys.o
                0x00001890                event_system_init
 .text.io_read  0x0000189c       0x34 hal/src/hal_io.o
                0x0000189c                io_read
 .text.qspi_sync_init
                0x000018d0       0x34 hal/src/hal_qspi_sync.o
                0x000018d0                qspi_sync_init
 .text.qspi_sync_enable
                0x00001904       0x28 hal/src/hal_qspi_sync.o
                0x00001904                qspi_sync_enable
 .text.qspi_sync_serial_run_command
                0x0000192c       0x34 hal/src/hal_qspi_sync.o
                0x0000192c                qspi_sync_serial_run_command
 .text._spi_m_async_io_write
                0x00001960       0x40 hal/src/hal_spi_m_async.o
 .text._spi_m_async_io_read
                0x000019a0       0x50 hal/src/hal_spi_m_async.o
 .text._spi_dev_error
                0x000019f0       0x3c hal/src/hal_spi_m_async.o
 .text._spi_dev_complete
                0x00001a2c       0x2c hal/src/hal_spi_m_async.o
 .text._spi_dev_tx
                0x00001a58       0x54 hal/src/hal_spi_m_async.o
 .text._spi_dev_rx
                0x00001aac       0x90 hal/src/hal_spi_m_async.o
 .text.spi_m_async_init
                0x00001b3c       0x84 hal/src/hal_spi_m_async.o
                0x00001b3c                spi_m_async_init
 .text.spi_m_async_enable
                0x00001bc0       0x28 hal/src/hal_spi_m_async.o
                0x00001bc0                spi_m_async_enable
 .text.spi_m_async_register_callback
                0x00001be8       0x48 hal/src/hal_spi_m_async.o
                0x00001be8                spi_m_async_register_callback
 .text.spi_m_async_get_io_descriptor
                0x00001c30       0x30 hal/src/hal_spi_m_async.o
                0x00001c30                spi_m_async_get_io_descriptor
 .text.timer_add_timer_task
                0x00001c60       0x50 hal/src/hal_timer.o
 .text.timer_process_counted
                0x00001cb0       0x68 hal/src/hal_timer.o
 .text.timer_init
                0x00001d18       0x40 hal/src/hal_timer.o
                0x00001d18                timer_init
 .text.timer_start
                0x00001d58       0x3c hal/src/hal_timer.o
                0x00001d58                timer_start
 .text.timer_add_task
                0x00001d94       0xac hal/src/hal_timer.o
                0x00001d94                timer_add_task
 .text.assert   0x00001e40        0x6 hal/utils/src/utils_assert.o
                0x00001e40                assert
 .text.is_list_element
                0x00001e46       0x14 hal/utils/src/utils_list.o
                0x00001e46                is_list_element
 *fill*         0x00001e5a        0x2 
 .text.list_insert_as_head
                0x00001e5c       0x2c hal/utils/src/utils_list.o
                0x00001e5c                list_insert_as_head
 .text.list_insert_after
                0x00001e88        0x8 hal/utils/src/utils_list.o
                0x00001e88                list_insert_after
 .text.list_remove_head
                0x00001e90       0x10 hal/utils/src/utils_list.o
                0x00001e90                list_remove_head
 .text.ringbuffer_init
                0x00001ea0       0x44 hal/utils/src/utils_ringbuffer.o
                0x00001ea0                ringbuffer_init
 .text.ringbuffer_put
                0x00001ee4       0x40 hal/utils/src/utils_ringbuffer.o
                0x00001ee4                ringbuffer_put
 .text._adc_get_hardware_index
                0x00001f24        0xe hpl/adc/hpl_adc.o
 *fill*         0x00001f32        0x2 
 .text._adc_get_irq_num
                0x00001f34       0x18 hpl/adc/hpl_adc.o
 .text._adc_init_irq_param
                0x00001f4c       0x28 hpl/adc/hpl_adc.o
 .text._adc_init
                0x00001f74      0x190 hpl/adc/hpl_adc.o
 .text._adc_interrupt_handler
                0x00002104       0x52 hpl/adc/hpl_adc.o
 *fill*         0x00002156        0x2 
 .text._adc_get_regs
                0x00002158       0x40 hpl/adc/hpl_adc.o
 .text._adc_async_init
                0x00002198      0x114 hpl/adc/hpl_adc.o
                0x00002198                _adc_async_init
 .text._adc_async_get_data_size
                0x000022ac       0x14 hpl/adc/hpl_adc.o
                0x000022ac                _adc_async_get_data_size
 .text.ADC0_0_Handler
                0x000022c0       0x14 hpl/adc/hpl_adc.o
                0x000022c0                ADC0_0_Handler
 .text.ADC1_0_Handler
                0x000022d4       0x14 hpl/adc/hpl_adc.o
                0x000022d4                ADC1_0_Handler
 .text._custom_logic_init
                0x000022e8       0x50 hpl/ccl/hpl_ccl.o
                0x000022e8                _custom_logic_init
 .text._irq_set
                0x00002338       0x1c hpl/core/hpl_core_m4.o
                0x00002338                _irq_set
 .text._get_cycles_for_us
                0x00002354       0x18 hpl/core/hpl_core_m4.o
                0x00002354                _get_cycles_for_us
 .text._get_cycles_for_ms
                0x0000236c       0x20 hpl/core/hpl_core_m4.o
                0x0000236c                _get_cycles_for_ms
 *fill*         0x0000238c        0x4 
 .text._delay_cycles
                0x00002390        0x8 hpl/core/hpl_core_m4.o
                0x00002390                _delay_cycles
 .text._init_chip
                0x00002398       0x58 hpl/core/hpl_init.o
                0x00002398                _init_chip
 .text._event_system_init
                0x000023f0       0x64 hpl/evsys/hpl_evsys.o
                0x000023f0                _event_system_init
 .text._gclk_init_generators_by_fref
                0x00002454       0x78 hpl/gclk/hpl_gclk.o
                0x00002454                _gclk_init_generators_by_fref
 .text._mclk_init
                0x000024cc        0xc hpl/mclk/hpl_mclk.o
                0x000024cc                _mclk_init
 .text._osc32kctrl_init_sources
                0x000024d8       0x14 hpl/osc32kctrl/hpl_osc32kctrl.o
                0x000024d8                _osc32kctrl_init_sources
 .text._oscctrl_init_sources
                0x000024ec        0x2 hpl/oscctrl/hpl_oscctrl.o
                0x000024ec                _oscctrl_init_sources
 *fill*         0x000024ee        0x2 
 .text._oscctrl_init_referenced_generators
                0x000024f0      0x130 hpl/oscctrl/hpl_oscctrl.o
                0x000024f0                _oscctrl_init_referenced_generators
 .text._qspi_memcpy
                0x00002620       0x14 hpl/qspi/hpl_qspi.o
 .text._qspi_sync_command_set_ifr
                0x00002634       0x3e hpl/qspi/hpl_qspi.o
 *fill*         0x00002672        0x2 
 .text._qspi_sync_run_transfer
                0x00002674       0x64 hpl/qspi/hpl_qspi.o
 .text._qspi_sync_init
                0x000026d8       0x38 hpl/qspi/hpl_qspi.o
                0x000026d8                _qspi_sync_init
 .text._qspi_sync_enable
                0x00002710        0xa hpl/qspi/hpl_qspi.o
                0x00002710                _qspi_sync_enable
 *fill*         0x0000271a        0x2 
 .text._qspi_sync_serial_run_command
                0x0000271c       0x44 hpl/qspi/hpl_qspi.o
                0x0000271c                _qspi_sync_serial_run_command
 .text.RAMECC_Handler
                0x00002760       0x44 hpl/ramecc/hpl_ramecc.o
                0x00002760                RAMECC_Handler
 .text._sercom_get_hardware_index
                0x000027a4       0x40 hpl/sercom/hpl_sercom.o
 .text._sercom_init_irq_param
                0x000027e4       0x18 hpl/sercom/hpl_sercom.o
 .text._sercom_get_irq_num
                0x000027fc       0x18 hpl/sercom/hpl_sercom.o
 .text._spi_sync_enable
                0x00002814       0x22 hpl/sercom/hpl_sercom.o
 *fill*         0x00002836        0x2 
 .text._spi_async_enable
                0x00002838       0x40 hpl/sercom/hpl_sercom.o
 .text._spi_handler
                0x00002878       0x4c hpl/sercom/hpl_sercom.o
 .text.SERCOM5_0_Handler
                0x000028c4       0x14 hpl/sercom/hpl_sercom.o
                0x000028c4                SERCOM5_0_Handler
 .text.SERCOM5_1_Handler
                0x000028d8       0x14 hpl/sercom/hpl_sercom.o
                0x000028d8                SERCOM5_1_Handler
 .text.SERCOM5_2_Handler
                0x000028ec       0x14 hpl/sercom/hpl_sercom.o
                0x000028ec                SERCOM5_2_Handler
 .text.SERCOM5_3_Handler
                0x00002900       0x14 hpl/sercom/hpl_sercom.o
                0x00002900                SERCOM5_3_Handler
 .text._spi_m_sync_init
                0x00002914      0x17c hpl/sercom/hpl_sercom.o
                0x00002914                _spi_m_sync_init
 .text._spi_m_async_init
                0x00002a90       0x68 hpl/sercom/hpl_sercom.o
                0x00002a90                _spi_m_async_init
 .text._spi_m_async_enable
                0x00002af8       0x34 hpl/sercom/hpl_sercom.o
                0x00002af8                _spi_m_async_enable
 .text._spi_m_async_enable_tx
                0x00002b2c       0x38 hpl/sercom/hpl_sercom.o
                0x00002b2c                _spi_m_async_enable_tx
 .text._spi_m_async_enable_rx
                0x00002b64       0x40 hpl/sercom/hpl_sercom.o
                0x00002b64                _spi_m_async_enable_rx
 .text._spi_m_async_enable_tx_complete
                0x00002ba4       0x3c hpl/sercom/hpl_sercom.o
                0x00002ba4                _spi_m_async_enable_tx_complete
 .text._spi_m_async_write_one
                0x00002be0       0x30 hpl/sercom/hpl_sercom.o
                0x00002be0                _spi_m_async_write_one
 .text._spi_m_async_read_one
                0x00002c10       0x30 hpl/sercom/hpl_sercom.o
                0x00002c10                _spi_m_async_read_one
 .text._spi_m_async_register_callback
                0x00002c40       0x34 hpl/sercom/hpl_sercom.o
                0x00002c40                _spi_m_async_register_callback
 .text._spi_m_async_set_irq_state
                0x00002c74       0x38 hpl/sercom/hpl_sercom.o
                0x00002c74                _spi_m_async_set_irq_state
 .text.PWM_0_init
                0x00002cac       0xb4 hpl/tcc/tcc_lite.o
                0x00002cac                PWM_0_init
 .text.tc_interrupt_handler
                0x00002d60       0x18 hpl/tc/hpl_tc.o
 .text._tc_init_irq_param
                0x00002d78       0x18 hpl/tc/hpl_tc.o
 .text.get_tc_index
                0x00002d90       0x70 hpl/tc/hpl_tc.o
 .text._timer_init
                0x00002e00      0x1b8 hpl/tc/hpl_tc.o
                0x00002e00                _timer_init
 .text._timer_start
                0x00002fb8       0x14 hpl/tc/hpl_tc.o
                0x00002fb8                _timer_start
 .text._timer_is_started
                0x00002fcc       0x12 hpl/tc/hpl_tc.o
                0x00002fcc                _timer_is_started
 .text._tc_get_timer
                0x00002fde        0x4 hpl/tc/hpl_tc.o
                0x00002fde                _tc_get_timer
 *fill*         0x00002fe2        0x2 
 .text._timer_set_irq
                0x00002fe4       0x3c hpl/tc/hpl_tc.o
                0x00002fe4                _timer_set_irq
 .text.TC2_Handler
                0x00003020       0x14 hpl/tc/hpl_tc.o
                0x00003020                TC2_Handler
 .text.TIMER_1_init
                0x00003034       0x9c hpl/tc/tc_lite.o
                0x00003034                TIMER_1_init
 .text.TIMER_0_init
                0x000030d0       0xb0 hpl/tc/tc_lite.o
                0x000030d0                TIMER_0_init
 .text.TIMER_2_task_1kHz_cb
                0x00003180       0x28 main.o
 .text.complete_cb_SPI_ENC
                0x000031a8       0x3c main.o
 .text.TC0_Handler
                0x000031e4       0x78 main.o
                0x000031e4                TC0_Handler
 .text.ADC0_1_Handler
                0x0000325c       0x98 main.o
                0x0000325c                ADC0_1_Handler
 .text.ADC1_1_Handler
                0x000032f4        0x2 main.o
                0x000032f4                ADC1_1_Handler
 *fill*         0x000032f6        0x2 
 .text.current_selector
                0x000032f8       0x54 main.o
                0x000032f8                current_selector
 *fill*         0x0000334c        0x4 
 .text.main     0x00003350      0x51c main.o
                0x00003350                main
 .text.init_standard_messages
                0x0000386c       0x88 qspi_ethercat.o
                0x0000386c                init_standard_messages
 .text.send_to_ethercat
                0x000038f4       0x14 qspi_ethercat.o
                0x000038f4                send_to_ethercat
 .text.config_fifo
                0x00003908       0x14 qspi_ethercat.o
                0x00003908                config_fifo
 .text.abort_fifo
                0x0000391c       0x14 qspi_ethercat.o
                0x0000391c                abort_fifo
 .text.clear_rdram
                0x00003930       0x1c qspi_ethercat.o
                0x00003930                clear_rdram
 .text.write_16_DWORDS_data
                0x0000394c       0x14 qspi_ethercat.o
                0x0000394c                write_16_DWORDS_data
 .text.read_16_DWORDS_data
                0x00003960       0x14 qspi_ethercat.o
                0x00003960                read_16_DWORDS_data
 .text          0x00003974      0x370 d:/program files/atmel/studio/7.0/toolchain/arm/arm-gnu-toolchain/bin/../lib/gcc/arm-none-eabi/6.3.1/thumb/v7e-m\libgcc.a(_arm_addsubdf3.o)
                0x00003974                __aeabi_drsub
                0x0000397c                __aeabi_dsub
                0x0000397c                __subdf3
                0x00003980                __aeabi_dadd
                0x00003980                __adddf3
                0x00003bf8                __floatunsidf
                0x00003bf8                __aeabi_ui2d
                0x00003c18                __floatsidf
                0x00003c18                __aeabi_i2d
                0x00003c3c                __aeabi_f2d
                0x00003c3c                __extendsfdf2
                0x00003c78                __floatundidf
                0x00003c78                __aeabi_ul2d
                0x00003c88                __floatdidf
                0x00003c88                __aeabi_l2d
 .text          0x00003ce4      0x424 d:/program files/atmel/studio/7.0/toolchain/arm/arm-gnu-toolchain/bin/../lib/gcc/arm-none-eabi/6.3.1/thumb/v7e-m\libgcc.a(_arm_muldivdf3.o)
                0x00003ce4                __aeabi_dmul
                0x00003ce4                __muldf3
                0x00003f38                __divdf3
                0x00003f38                __aeabi_ddiv
 .text          0x00004108       0xa0 d:/program files/atmel/studio/7.0/toolchain/arm/arm-gnu-toolchain/bin/../lib/gcc/arm-none-eabi/6.3.1/thumb/v7e-m\libgcc.a(_arm_truncdfsf2.o)
                0x00004108                __truncdfsf2
                0x00004108                __aeabi_d2f
 .text.__libc_init_array
                0x000041a8       0x48 d:/program files/atmel/studio/7.0/toolchain/arm/arm-gnu-toolchain/bin/../lib/gcc/arm-none-eabi/6.3.1/../../../../arm-none-eabi/lib/thumb/v7e-m\libc_nano.a(lib_a-init.o)
                0x000041a8                __libc_init_array
 *(.glue_7t)
 .glue_7t       0x000041f0        0x0 linker stubs
 *(.glue_7)
 .glue_7        0x000041f0        0x0 linker stubs
 *(.rodata .rodata* .gnu.linkonce.r.*)
 .rodata        0x000041f0       0x18 BLDC_driver.o
 .rodata.str1.4
                0x00004208       0x1b hal/src/hal_adc_async.o
 *fill*         0x00004223        0x1 
 .rodata.str1.4
                0x00004224       0x14 hal/src/hal_io.o
 .rodata.str1.4
                0x00004238       0x1b hal/src/hal_qspi_sync.o
 *fill*         0x00004253        0x1 
 .rodata.str1.4
                0x00004254       0x1d hal/src/hal_spi_m_async.o
 *fill*         0x00004271        0x3 
 .rodata.str1.4
                0x00004274       0x17 hal/src/hal_timer.o
 *fill*         0x0000428b        0x1 
 .rodata.str1.4
                0x0000428c       0x1e hal/utils/src/utils_list.o
 *fill*         0x000042aa        0x2 
 .rodata.str1.4
                0x000042ac       0x24 hal/utils/src/utils_ringbuffer.o
 .rodata        0x000042d0       0x2c hpl/adc/hpl_adc.o
 .rodata.str1.4
                0x000042fc       0x15 hpl/adc/hpl_adc.o
 *fill*         0x00004311        0x3 
 .rodata        0x00004314       0x14 hpl/ccl/hpl_ccl.o
                0x00004314                _ccl_reg_cfgs
 .rodata        0x00004328      0x104 hpl/evsys/hpl_evsys.o
 .rodata.str1.4
                0x0000442c       0x17 hpl/qspi/hpl_qspi.o
 *fill*         0x00004443        0x1 
 .rodata        0x00004444       0x69 hpl/sercom/hpl_sercom.o
 *fill*         0x000044ad        0x3 
 .rodata.str1.4
                0x000044b0       0x1b hpl/sercom/hpl_sercom.o
 *fill*         0x000044cb        0x1 
 .rodata        0x000044cc       0x24 hpl/tc/hpl_tc.o
 .rodata.str1.4
                0x000044f0       0x14 hpl/tc/hpl_tc.o
                                 0x13 (size before relaxing)
 *(.ARM.extab* .gnu.linkonce.armextab.*)
                0x00004504                . = ALIGN (0x4)
 *(.init)
 .init          0x00004504        0x4 d:/program files/atmel/studio/7.0/toolchain/arm/arm-gnu-toolchain/bin/../lib/gcc/arm-none-eabi/6.3.1/thumb/v7e-m/crti.o
                0x00004504                _init
 .init          0x00004508        0x8 d:/program files/atmel/studio/7.0/toolchain/arm/arm-gnu-toolchain/bin/../lib/gcc/arm-none-eabi/6.3.1/thumb/v7e-m/crtn.o
                0x00004510                . = ALIGN (0x4)
                0x00004510                __preinit_array_start = .
 *(.preinit_array)
                0x00004510                __preinit_array_end = .
                0x00004510                . = ALIGN (0x4)
                0x00004510                __init_array_start = .
 *(SORT(.init_array.*))
 *(.init_array)
 .init_array    0x00004510        0x4 d:/program files/atmel/studio/7.0/toolchain/arm/arm-gnu-toolchain/bin/../lib/gcc/arm-none-eabi/6.3.1/thumb/v7e-m/crtbegin.o
                0x00004514                __init_array_end = .
                0x00004514                . = ALIGN (0x4)
 *crtbegin.o(.ctors)
 *(EXCLUDE_FILE(*crtend.o) .ctors)
 *(SORT(.ctors.*))
 *crtend.o(.ctors)
                0x00004514                . = ALIGN (0x4)
 *(.fini)
 .fini          0x00004514        0x4 d:/program files/atmel/studio/7.0/toolchain/arm/arm-gnu-toolchain/bin/../lib/gcc/arm-none-eabi/6.3.1/thumb/v7e-m/crti.o
                0x00004514                _fini
 .fini          0x00004518        0x8 d:/program files/atmel/studio/7.0/toolchain/arm/arm-gnu-toolchain/bin/../lib/gcc/arm-none-eabi/6.3.1/thumb/v7e-m/crtn.o
                0x00004520                . = ALIGN (0x4)
                0x00004520                __fini_array_start = .
 *(.fini_array)
 .fini_array    0x00004520        0x4 d:/program files/atmel/studio/7.0/toolchain/arm/arm-gnu-toolchain/bin/../lib/gcc/arm-none-eabi/6.3.1/thumb/v7e-m/crtbegin.o
 *(SORT(.fini_array.*))
                0x00004524                __fini_array_end = .
 *crtbegin.o(.dtors)
 *(EXCLUDE_FILE(*crtend.o) .dtors)
 *(SORT(.dtors.*))
 *crtend.o(.dtors)
                0x00004524                . = ALIGN (0x4)
                0x00004524                _efixed = .
                [!provide]                PROVIDE (__exidx_start, .)

.vfp11_veneer   0x00004524        0x0
 .vfp11_veneer  0x00004524        0x0 linker stubs

.v4_bx          0x00004524        0x0
 .v4_bx         0x00004524        0x0 linker stubs

.iplt           0x00004524        0x0
 .iplt          0x00004524        0x0 d:/program files/atmel/studio/7.0/toolchain/arm/arm-gnu-toolchain/bin/../lib/gcc/arm-none-eabi/6.3.1/thumb/v7e-m/crtbegin.o

.eh_frame       0x00004524        0x0
 .eh_frame      0x00004524        0x0 d:/program files/atmel/studio/7.0/toolchain/arm/arm-gnu-toolchain/bin/../lib/gcc/arm-none-eabi/6.3.1/thumb/v7e-m/crtbegin.o

.rel.dyn        0x00004524        0x0
 .rel.iplt      0x00004524        0x0 d:/program files/atmel/studio/7.0/toolchain/arm/arm-gnu-toolchain/bin/../lib/gcc/arm-none-eabi/6.3.1/thumb/v7e-m/crtbegin.o

.jcr            0x00004524        0x0
 .jcr           0x00004524        0x0 d:/program files/atmel/studio/7.0/toolchain/arm/arm-gnu-toolchain/bin/../lib/gcc/arm-none-eabi/6.3.1/thumb/v7e-m/crtbegin.o

.igot.plt       0x00004524        0x0
 .igot.plt      0x00004524        0x0 d:/program files/atmel/studio/7.0/toolchain/arm/arm-gnu-toolchain/bin/../lib/gcc/arm-none-eabi/6.3.1/thumb/v7e-m/crtbegin.o

.ARM.exidx
 *(.ARM.exidx* .gnu.linkonce.armexidx.*)
                [!provide]                PROVIDE (__exidx_end, .)
                0x00004524                . = ALIGN (0x4)
                0x00004524                _etext = .

.relocate       0x20000000       0xbc load address 0x00004524
                0x20000000                . = ALIGN (0x4)
                0x20000000                _srelocate = .
 *(.ramfunc .ramfunc.*)
 *(.data .data.*)
 .data          0x20000000        0x4 BLDC_driver.o
 .data          0x20000004       0x10 main.o
                0x20000004                new_encoder_reading_flag
                0x20000008                encoder_joint_error_bit
                0x2000000c                encoder_joint_warning_bit
 .data          0x20000014       0xa8 qspi_ethercat.o
                0x20000014                cmd_config_fifo
                0x2000002c                cmd_abort_fifo
                0x20000044                cmd_clear_rdram_data
                0x2000005c                cmd_clear_rdram_config
                0x20000074                cmd_send_data
                0x2000008c                cmd_write_to_read_data
                0x200000a4                cmd_read_data
                0x200000bc                . = ALIGN (0x4)
                0x200000bc                _erelocate = .

.bkupram        0x47000000        0x0
                0x47000000                . = ALIGN (0x8)
                0x47000000                _sbkupram = .
 *(.bkupram .bkupram.*)
                0x47000000                . = ALIGN (0x8)
                0x47000000                _ebkupram = .

.qspi           0x04000000        0x0
                0x04000000                . = ALIGN (0x8)
                0x04000000                _sqspi = .
 *(.qspi .qspi.*)
                0x04000000                . = ALIGN (0x8)
                0x04000000                _eqspi = .

.bss            0x200000bc      0x44c load address 0x000045e0
                0x200000bc                . = ALIGN (0x4)
                0x200000bc                _sbss = .
                0x200000bc                _szero = .
 *(.bss .bss.*)
 .bss           0x200000bc       0x1c d:/program files/atmel/studio/7.0/toolchain/arm/arm-gnu-toolchain/bin/../lib/gcc/arm-none-eabi/6.3.1/thumb/v7e-m/crtbegin.o
 .bss           0x200000d8       0x15 BLDC_driver.o
 *fill*         0x200000ed        0x3 
 .bss           0x200000f0       0x28 driver_init.o
 .bss           0x20000118        0x4 hal/src/hal_delay.o
 .bss           0x2000011c        0x8 hpl/adc/hpl_adc.o
 .bss           0x20000124        0x4 hpl/sercom/hpl_sercom.o
 .bss           0x20000128        0x4 hpl/tc/hpl_tc.o
 .bss           0x2000012c       0x9c main.o
                0x2000012c                encoder_joint_pos
                0x20000130                encoder_spi_reply
                0x20000138                read_encoder_flag
                0x2000013c                new_speed_value_available_flag
                0x20000140                new_torque_value_available_flag
                0x20000144                new_current_value_available_flag
                0x2000015c                joint_torque
                0x20000160                activate_controller_flag
                0x20000164                current_BLDC_motor_rpm
                0x20000168                current_reference_current_value
                0x2000016c                control_voltage_output
                0x20000170                input_kt_feedforward
                0x20000174                position_control_output
                0x20000184                speed_control_output
                0x20000194                current_control_output
                0x200001a4                error_position
                0x200001a8                error_speed
                0x200001ac                error_current
                0x200001b0                last_reference_current_value
 .bss           0x200001c8       0xe4 qspi_ethercat.o
                0x200001c8                transmit_msg_abort_fifo
                0x200001d4                transmit_msg_config_fifo
                0x200001e4                transmit_msg_clear_rdram_config
                0x200001ec                send_data
                0x2000022c                read_data
                0x2000026c                transmit_msg_clear_rdram
 *(COMMON)
 COMMON         0x200002ac      0x100 BLDC_driver.o
                0x200002ac                currentPIDVar
                0x200002d0                posPIDVar
                0x200002f4                torquePIDControl
                0x20000310                speedPIDVar
                0x20000334                speedPIDControl
                0x20000350                currentPIDControl
                0x2000036c                posPIDControl
                0x20000388                torquePIDVar
 COMMON         0x200003ac       0xf0 driver_init.o
                0x200003ac                TIMER_2
                0x200003c8                SPI_ENC
                0x20000410                ADC_IB_ch
                0x20000428                ADC_IA
                0x20000454                ADC_IB
                0x20000480                QUAD_SPI_0
                0x20000484                ADC_IA_ch
 COMMON         0x2000049c       0x10 hpl/ramecc/hpl_ramecc.o
                0x2000049c                device
 COMMON         0x200004ac       0x5c main.o
                0x200004ac                input_min_current
                0x200004b0                input_desired_position
                0x200004b4                input_kp_current
                0x200004b8                ADC_IC_value
                0x200004bc                currentC_value
                0x200004c0                input_kp_position_control
                0x200004c4                CC1_value
                0x200004c8                input_speed_min
                0x200004cc                ADC_TS_value
                0x200004d0                input_ki_speed_control
                0x200004d4                input_desired_current
                0x200004d8                CC0_value
                0x200004da                ADC_IB_value
                0x200004dc                input_desired_speed
                0x200004e0                input_control_mode
                0x200004e4                input_speed_max
                0x200004e8                input_max_current
                0x200004ec                input_min_position
                0x200004f0                input_control_set
                0x200004f4                input_ki_position_control
                0x200004f8                currentB_value
                0x200004fc                input_kp_speed_control
                0x20000500                input_ki_current
                0x20000504                input_max_position
                0x20000508                . = ALIGN (0x4)
                0x20000508                _ebss = .
                0x20000508                _ezero = .

.stack          0x20000508     0x8000 load address 0x00004a2c
                0x20000508                . = ALIGN (0x8)
                0x20000508                _sstack = .
                0x20008508                . = (. + STACK_SIZE)
 *fill*         0x20000508     0x8000 
                0x20008508                . = ALIGN (0x8)
                0x20008508                _estack = .
                0x20008508                . = ALIGN (0x4)
                0x20008508                _end = .
OUTPUT(BLDC_MotorController.elf elf32-littlearm)

.ARM.attributes
                0x00000000       0x2e
 .ARM.attributes
                0x00000000       0x1e d:/program files/atmel/studio/7.0/toolchain/arm/arm-gnu-toolchain/bin/../lib/gcc/arm-none-eabi/6.3.1/thumb/v7e-m/crti.o
 .ARM.attributes
                0x0000001e       0x2e d:/program files/atmel/studio/7.0/toolchain/arm/arm-gnu-toolchain/bin/../lib/gcc/arm-none-eabi/6.3.1/thumb/v7e-m/crtbegin.o
 .ARM.attributes
                0x0000004c       0x37 atmel_start.o
 .ARM.attributes
                0x00000083       0x37 BLDC_Control_Law.o
 .ARM.attributes
                0x000000ba       0x37 BLDC_driver.o
 .ARM.attributes
                0x000000f1       0x37 Device_Startup/startup_samd51.o
 .ARM.attributes
                0x00000128       0x37 driver_init.o
 .ARM.attributes
                0x0000015f       0x37 encoder_driver.o
 .ARM.attributes
                0x00000196       0x37 hal/src/hal_adc_async.o
 .ARM.attributes
                0x000001cd       0x37 hal/src/hal_atomic.o
 .ARM.attributes
                0x00000204       0x37 hal/src/hal_delay.o
 .ARM.attributes
                0x0000023b       0x37 hal/src/hal_evsys.o
 .ARM.attributes
                0x00000272       0x37 hal/src/hal_io.o
 .ARM.attributes
                0x000002a9       0x37 hal/src/hal_qspi_sync.o
 .ARM.attributes
                0x000002e0       0x37 hal/src/hal_spi_m_async.o
 .ARM.attributes
                0x00000317       0x37 hal/src/hal_timer.o
 .ARM.attributes
                0x0000034e       0x37 hal/utils/src/utils_assert.o
 .ARM.attributes
                0x00000385       0x37 hal/utils/src/utils_list.o
 .ARM.attributes
                0x000003bc       0x37 hal/utils/src/utils_ringbuffer.o
 .ARM.attributes
                0x000003f3       0x37 hpl/adc/hpl_adc.o
 .ARM.attributes
                0x0000042a       0x37 hpl/ccl/hpl_ccl.o
 .ARM.attributes
                0x00000461       0x37 hpl/core/hpl_core_m4.o
 .ARM.attributes
                0x00000498       0x37 hpl/core/hpl_init.o
 .ARM.attributes
                0x000004cf       0x37 hpl/evsys/hpl_evsys.o
 .ARM.attributes
                0x00000506       0x37 hpl/gclk/hpl_gclk.o
 .ARM.attributes
                0x0000053d       0x37 hpl/mclk/hpl_mclk.o
 .ARM.attributes
                0x00000574       0x37 hpl/osc32kctrl/hpl_osc32kctrl.o
 .ARM.attributes
                0x000005ab       0x37 hpl/oscctrl/hpl_oscctrl.o
 .ARM.attributes
                0x000005e2       0x37 hpl/qspi/hpl_qspi.o
 .ARM.attributes
                0x00000619       0x37 hpl/ramecc/hpl_ramecc.o
 .ARM.attributes
                0x00000650       0x37 hpl/sercom/hpl_sercom.o
 .ARM.attributes
                0x00000687       0x37 hpl/tcc/tcc_lite.o
 .ARM.attributes
                0x000006be       0x37 hpl/tc/hpl_tc.o
 .ARM.attributes
                0x000006f5       0x37 hpl/tc/tc_lite.o
 .ARM.attributes
                0x0000072c       0x37 main.o
 .ARM.attributes
                0x00000763       0x37 qspi_ethercat.o
 .ARM.attributes
                0x0000079a       0x1e d:/program files/atmel/studio/7.0/toolchain/arm/arm-gnu-toolchain/bin/../lib/gcc/arm-none-eabi/6.3.1/thumb/v7e-m\libgcc.a(_arm_addsubdf3.o)
 .ARM.attributes
                0x000007b8       0x1e d:/program files/atmel/studio/7.0/toolchain/arm/arm-gnu-toolchain/bin/../lib/gcc/arm-none-eabi/6.3.1/thumb/v7e-m\libgcc.a(_arm_muldivdf3.o)
 .ARM.attributes
                0x000007d6       0x1e d:/program files/atmel/studio/7.0/toolchain/arm/arm-gnu-toolchain/bin/../lib/gcc/arm-none-eabi/6.3.1/thumb/v7e-m\libgcc.a(_arm_truncdfsf2.o)
 .ARM.attributes
                0x000007f4       0x2e d:/program files/atmel/studio/7.0/toolchain/arm/arm-gnu-toolchain/bin/../lib/gcc/arm-none-eabi/6.3.1/../../../../arm-none-eabi/lib/thumb/v7e-m\libc_nano.a(lib_a-init.o)
 .ARM.attributes
                0x00000822       0x1e d:/program files/atmel/studio/7.0/toolchain/arm/arm-gnu-toolchain/bin/../lib/gcc/arm-none-eabi/6.3.1/thumb/v7e-m/crtn.o

.comment        0x00000000       0x59
 .comment       0x00000000       0x59 atmel_start.o
                                 0x5a (size before relaxing)
 .comment       0x00000059       0x5a BLDC_Control_Law.o
 .comment       0x00000059       0x5a BLDC_driver.o
 .comment       0x00000059       0x5a Device_Startup/startup_samd51.o
 .comment       0x00000059       0x5a driver_init.o
 .comment       0x00000059       0x5a encoder_driver.o
 .comment       0x00000059       0x5a hal/src/hal_adc_async.o
 .comment       0x00000059       0x5a hal/src/hal_atomic.o
 .comment       0x00000059       0x5a hal/src/hal_delay.o
 .comment       0x00000059       0x5a hal/src/hal_evsys.o
 .comment       0x00000059       0x5a hal/src/hal_io.o
 .comment       0x00000059       0x5a hal/src/hal_qspi_sync.o
 .comment       0x00000059       0x5a hal/src/hal_spi_m_async.o
 .comment       0x00000059       0x5a hal/src/hal_timer.o
 .comment       0x00000059       0x5a hal/utils/src/utils_assert.o
 .comment       0x00000059       0x5a hal/utils/src/utils_list.o
 .comment       0x00000059       0x5a hal/utils/src/utils_ringbuffer.o
 .comment       0x00000059       0x5a hpl/adc/hpl_adc.o
 .comment       0x00000059       0x5a hpl/ccl/hpl_ccl.o
 .comment       0x00000059       0x5a hpl/core/hpl_core_m4.o
 .comment       0x00000059       0x5a hpl/core/hpl_init.o
 .comment       0x00000059       0x5a hpl/evsys/hpl_evsys.o
 .comment       0x00000059       0x5a hpl/gclk/hpl_gclk.o
 .comment       0x00000059       0x5a hpl/mclk/hpl_mclk.o
 .comment       0x00000059       0x5a hpl/osc32kctrl/hpl_osc32kctrl.o
 .comment       0x00000059       0x5a hpl/oscctrl/hpl_oscctrl.o
 .comment       0x00000059       0x5a hpl/qspi/hpl_qspi.o
 .comment       0x00000059       0x5a hpl/ramecc/hpl_ramecc.o
 .comment       0x00000059       0x5a hpl/sercom/hpl_sercom.o
 .comment       0x00000059       0x5a hpl/tcc/tcc_lite.o
 .comment       0x00000059       0x5a hpl/tc/hpl_tc.o
 .comment       0x00000059       0x5a hpl/tc/tc_lite.o
 .comment       0x00000059       0x5a main.o
 .comment       0x00000059       0x5a qspi_ethercat.o

.debug_info     0x00000000    0x3d127
 .debug_info    0x00000000      0x791 atmel_start.o
 .debug_info    0x00000791      0x90d BLDC_Control_Law.o
 .debug_info    0x0000109e     0x3d7f BLDC_driver.o
 .debug_info    0x00004e1d      0xd68 Device_Startup/startup_samd51.o
 .debug_info    0x00005b85     0xa8ac driver_init.o
 .debug_info    0x00010431     0x112b encoder_driver.o
 .debug_info    0x0001155c     0x143b hal/src/hal_adc_async.o
 .debug_info    0x00012997      0x1fa hal/src/hal_atomic.o
 .debug_info    0x00012b91      0x205 hal/src/hal_delay.o
 .debug_info    0x00012d96      0x2af hal/src/hal_evsys.o
 .debug_info    0x00013045      0x2c5 hal/src/hal_io.o
 .debug_info    0x0001330a      0x549 hal/src/hal_qspi_sync.o
 .debug_info    0x00013853     0x10aa hal/src/hal_spi_m_async.o
 .debug_info    0x000148fd      0xbc4 hal/src/hal_timer.o
 .debug_info    0x000154c1      0x130 hal/utils/src/utils_assert.o
 .debug_info    0x000155f1      0x33e hal/utils/src/utils_list.o
 .debug_info    0x0001592f      0x31c hal/utils/src/utils_ringbuffer.o
 .debug_info    0x00015c4b     0x441f hpl/adc/hpl_adc.o
 .debug_info    0x0001a06a      0x648 hpl/ccl/hpl_ccl.o
 .debug_info    0x0001a6b2      0xbf5 hpl/core/hpl_core_m4.o
 .debug_info    0x0001b2a7     0x13ae hpl/core/hpl_init.o
 .debug_info    0x0001c655     0x1089 hpl/evsys/hpl_evsys.o
 .debug_info    0x0001d6de      0x7d3 hpl/gclk/hpl_gclk.o
 .debug_info    0x0001deb1      0xa0c hpl/mclk/hpl_mclk.o
 .debug_info    0x0001e8bd      0x714 hpl/osc32kctrl/hpl_osc32kctrl.o
 .debug_info    0x0001efd1     0x1d2e hpl/oscctrl/hpl_oscctrl.o
 .debug_info    0x00020cff     0x119b hpl/qspi/hpl_qspi.o
 .debug_info    0x00021e9a      0xb8b hpl/ramecc/hpl_ramecc.o
 .debug_info    0x00022a25     0xbdb9 hpl/sercom/hpl_sercom.o
 .debug_info    0x0002e7de     0x2499 hpl/tcc/tcc_lite.o
 .debug_info    0x00030c77     0x2ba4 hpl/tc/hpl_tc.o
 .debug_info    0x0003381b     0x193b hpl/tc/tc_lite.o
 .debug_info    0x00035156     0x73a3 main.o
 .debug_info    0x0003c4f9      0xc2e qspi_ethercat.o

.debug_abbrev   0x00000000     0x5148
 .debug_abbrev  0x00000000      0x104 atmel_start.o
 .debug_abbrev  0x00000104      0x169 BLDC_Control_Law.o
 .debug_abbrev  0x0000026d      0x47e BLDC_driver.o
 .debug_abbrev  0x000006eb      0x171 Device_Startup/startup_samd51.o
 .debug_abbrev  0x0000085c      0x405 driver_init.o
 .debug_abbrev  0x00000c61      0x1e7 encoder_driver.o
 .debug_abbrev  0x00000e48      0x1fb hal/src/hal_adc_async.o
 .debug_abbrev  0x00001043      0x155 hal/src/hal_atomic.o
 .debug_abbrev  0x00001198       0xf9 hal/src/hal_delay.o
 .debug_abbrev  0x00001291       0xe5 hal/src/hal_evsys.o
 .debug_abbrev  0x00001376      0x12d hal/src/hal_io.o
 .debug_abbrev  0x000014a3      0x174 hal/src/hal_qspi_sync.o
 .debug_abbrev  0x00001617      0x268 hal/src/hal_spi_m_async.o
 .debug_abbrev  0x0000187f      0x232 hal/src/hal_timer.o
 .debug_abbrev  0x00001ab1       0x9e hal/utils/src/utils_assert.o
 .debug_abbrev  0x00001b4f      0x186 hal/utils/src/utils_list.o
 .debug_abbrev  0x00001cd5      0x10c hal/utils/src/utils_ringbuffer.o
 .debug_abbrev  0x00001de1      0x562 hpl/adc/hpl_adc.o
 .debug_abbrev  0x00002343      0x1d7 hpl/ccl/hpl_ccl.o
 .debug_abbrev  0x0000251a      0x2bb hpl/core/hpl_core_m4.o
 .debug_abbrev  0x000027d5      0x222 hpl/core/hpl_init.o
 .debug_abbrev  0x000029f7      0x288 hpl/evsys/hpl_evsys.o
 .debug_abbrev  0x00002c7f      0x1c9 hpl/gclk/hpl_gclk.o
 .debug_abbrev  0x00002e48      0x1bd hpl/mclk/hpl_mclk.o
 .debug_abbrev  0x00003005      0x1fc hpl/osc32kctrl/hpl_osc32kctrl.o
 .debug_abbrev  0x00003201      0x2c2 hpl/oscctrl/hpl_oscctrl.o
 .debug_abbrev  0x000034c3      0x349 hpl/qspi/hpl_qspi.o
 .debug_abbrev  0x0000380c      0x2c8 hpl/ramecc/hpl_ramecc.o
 .debug_abbrev  0x00003ad4      0x5e8 hpl/sercom/hpl_sercom.o
 .debug_abbrev  0x000040bc      0x25f hpl/tcc/tcc_lite.o
 .debug_abbrev  0x0000431b      0x51c hpl/tc/hpl_tc.o
 .debug_abbrev  0x00004837      0x25f hpl/tc/tc_lite.o
 .debug_abbrev  0x00004a96      0x4b1 main.o
 .debug_abbrev  0x00004f47      0x201 qspi_ethercat.o

.debug_loc      0x00000000    0x130ed
 .debug_loc     0x00000000       0x20 atmel_start.o
 .debug_loc     0x00000020       0x71 BLDC_Control_Law.o
 .debug_loc     0x00000091      0x740 BLDC_driver.o
 .debug_loc     0x000007d1       0x78 Device_Startup/startup_samd51.o
 .debug_loc     0x00000849     0x3105 driver_init.o
 .debug_loc     0x0000394e       0x92 encoder_driver.o
 .debug_loc     0x000039e0      0xfdf hal/src/hal_adc_async.o
 .debug_loc     0x000049bf       0x13 hal/src/hal_atomic.o
 .debug_loc     0x000049d2       0xc3 hal/src/hal_delay.o
 .debug_loc     0x00004a95      0x1c8 hal/src/hal_evsys.o
 .debug_loc     0x00004c5d      0x17e hal/src/hal_io.o
 .debug_loc     0x00004ddb      0x20a hal/src/hal_qspi_sync.o
 .debug_loc     0x00004fe5      0xaa0 hal/src/hal_spi_m_async.o
 .debug_loc     0x00005a85      0x6c0 hal/src/hal_timer.o
 .debug_loc     0x00006145      0x24b hal/utils/src/utils_list.o
 .debug_loc     0x00006390      0x2d0 hal/utils/src/utils_ringbuffer.o
 .debug_loc     0x00006660     0x1c52 hpl/adc/hpl_adc.o
 .debug_loc     0x000082b2      0x1b4 hpl/ccl/hpl_ccl.o
 .debug_loc     0x00008466      0x271 hpl/core/hpl_core_m4.o
 .debug_loc     0x000086d7       0xcd hpl/core/hpl_init.o
 .debug_loc     0x000087a4      0x39d hpl/evsys/hpl_evsys.o
 .debug_loc     0x00008b41      0x31e hpl/gclk/hpl_gclk.o
 .debug_loc     0x00008e5f       0x2c hpl/mclk/hpl_mclk.o
 .debug_loc     0x00008e8b       0x95 hpl/osc32kctrl/hpl_osc32kctrl.o
 .debug_loc     0x00008f20      0x491 hpl/oscctrl/hpl_oscctrl.o
 .debug_loc     0x000093b1      0x573 hpl/qspi/hpl_qspi.o
 .debug_loc     0x00009924      0x130 hpl/ramecc/hpl_ramecc.o
 .debug_loc     0x00009a54     0x7d11 hpl/sercom/hpl_sercom.o
 .debug_loc     0x00011765      0x2c4 hpl/tcc/tcc_lite.o
 .debug_loc     0x00011a29      0xae4 hpl/tc/hpl_tc.o
 .debug_loc     0x0001250d      0x537 hpl/tc/tc_lite.o
 .debug_loc     0x00012a44      0x545 main.o
 .debug_loc     0x00012f89      0x164 qspi_ethercat.o

.debug_aranges  0x00000000     0x10a8
 .debug_aranges
                0x00000000       0x20 atmel_start.o
 .debug_aranges
                0x00000020       0x30 BLDC_Control_Law.o
 .debug_aranges
                0x00000050       0xb0 BLDC_driver.o
 .debug_aranges
                0x00000100       0x28 Device_Startup/startup_samd51.o
 .debug_aranges
                0x00000128       0xa8 driver_init.o
 .debug_aranges
                0x000001d0       0x20 encoder_driver.o
 .debug_aranges
                0x000001f0       0xd0 hal/src/hal_adc_async.o
 .debug_aranges
                0x000002c0       0x30 hal/src/hal_atomic.o
 .debug_aranges
                0x000002f0       0x38 hal/src/hal_delay.o
 .debug_aranges
                0x00000328       0x50 hal/src/hal_evsys.o
 .debug_aranges
                0x00000378       0x30 hal/src/hal_io.o
 .debug_aranges
                0x000003a8       0x48 hal/src/hal_qspi_sync.o
 .debug_aranges
                0x000003f0       0xb8 hal/src/hal_spi_m_async.o
 .debug_aranges
                0x000004a8       0x70 hal/src/hal_timer.o
 .debug_aranges
                0x00000518       0x20 hal/utils/src/utils_assert.o
 .debug_aranges
                0x00000538       0x48 hal/utils/src/utils_list.o
 .debug_aranges
                0x00000580       0x40 hal/utils/src/utils_ringbuffer.o
 .debug_aranges
                0x000005c0      0x210 hpl/adc/hpl_adc.o
 .debug_aranges
                0x000007d0       0x38 hpl/ccl/hpl_ccl.o
 .debug_aranges
                0x00000808       0x80 hpl/core/hpl_core_m4.o
 .debug_aranges
                0x00000888       0x20 hpl/core/hpl_init.o
 .debug_aranges
                0x000008a8       0x38 hpl/evsys/hpl_evsys.o
 .debug_aranges
                0x000008e0       0x28 hpl/gclk/hpl_gclk.o
 .debug_aranges
                0x00000908       0x20 hpl/mclk/hpl_mclk.o
 .debug_aranges
                0x00000928       0x20 hpl/osc32kctrl/hpl_osc32kctrl.o
 .debug_aranges
                0x00000948       0x28 hpl/oscctrl/hpl_oscctrl.o
 .debug_aranges
                0x00000970       0x58 hpl/qspi/hpl_qspi.o
 .debug_aranges
                0x000009c8       0x30 hpl/ramecc/hpl_ramecc.o
 .debug_aranges
                0x000009f8      0x538 hpl/sercom/hpl_sercom.o
 .debug_aranges
                0x00000f30       0x20 hpl/tcc/tcc_lite.o
 .debug_aranges
                0x00000f50       0x88 hpl/tc/hpl_tc.o
 .debug_aranges
                0x00000fd8       0x28 hpl/tc/tc_lite.o
 .debug_aranges
                0x00001000       0x50 main.o
 .debug_aranges
                0x00001050       0x58 qspi_ethercat.o

.debug_ranges   0x00000000     0x1098
 .debug_ranges  0x00000000       0x10 atmel_start.o
 .debug_ranges  0x00000010       0x20 BLDC_Control_Law.o
 .debug_ranges  0x00000030       0xa0 BLDC_driver.o
 .debug_ranges  0x000000d0       0x18 Device_Startup/startup_samd51.o
 .debug_ranges  0x000000e8       0x98 driver_init.o
 .debug_ranges  0x00000180       0x10 encoder_driver.o
 .debug_ranges  0x00000190       0xc0 hal/src/hal_adc_async.o
 .debug_ranges  0x00000250       0x20 hal/src/hal_atomic.o
 .debug_ranges  0x00000270       0x28 hal/src/hal_delay.o
 .debug_ranges  0x00000298       0x40 hal/src/hal_evsys.o
 .debug_ranges  0x000002d8       0x20 hal/src/hal_io.o
 .debug_ranges  0x000002f8       0x38 hal/src/hal_qspi_sync.o
 .debug_ranges  0x00000330       0xa8 hal/src/hal_spi_m_async.o
 .debug_ranges  0x000003d8       0x90 hal/src/hal_timer.o
 .debug_ranges  0x00000468       0x10 hal/utils/src/utils_assert.o
 .debug_ranges  0x00000478       0x38 hal/utils/src/utils_list.o
 .debug_ranges  0x000004b0       0x30 hal/utils/src/utils_ringbuffer.o
 .debug_ranges  0x000004e0      0x218 hpl/adc/hpl_adc.o
 .debug_ranges  0x000006f8       0x28 hpl/ccl/hpl_ccl.o
 .debug_ranges  0x00000720       0x70 hpl/core/hpl_core_m4.o
 .debug_ranges  0x00000790       0x10 hpl/core/hpl_init.o
 .debug_ranges  0x000007a0       0x28 hpl/evsys/hpl_evsys.o
 .debug_ranges  0x000007c8       0x18 hpl/gclk/hpl_gclk.o
 .debug_ranges  0x000007e0       0x10 hpl/mclk/hpl_mclk.o
 .debug_ranges  0x000007f0       0x10 hpl/osc32kctrl/hpl_osc32kctrl.o
 .debug_ranges  0x00000800       0x18 hpl/oscctrl/hpl_oscctrl.o
 .debug_ranges  0x00000818       0x48 hpl/qspi/hpl_qspi.o
 .debug_ranges  0x00000860       0x38 hpl/ramecc/hpl_ramecc.o
 .debug_ranges  0x00000898      0x6c0 hpl/sercom/hpl_sercom.o
 .debug_ranges  0x00000f58       0x10 hpl/tcc/tcc_lite.o
 .debug_ranges  0x00000f68       0x78 hpl/tc/hpl_tc.o
 .debug_ranges  0x00000fe0       0x18 hpl/tc/tc_lite.o
 .debug_ranges  0x00000ff8       0x58 main.o
 .debug_ranges  0x00001050       0x48 qspi_ethercat.o

.debug_macro    0x00000000    0x2fd11
 .debug_macro   0x00000000      0x793 atmel_start.o
 .debug_macro   0x00000793      0x8b0 atmel_start.o
 .debug_macro   0x00001043      0x16d atmel_start.o
 .debug_macro   0x000011b0       0x22 atmel_start.o
 .debug_macro   0x000011d2       0x87 atmel_start.o
 .debug_macro   0x00001259       0x51 atmel_start.o
 .debug_macro   0x000012aa       0xef atmel_start.o
 .debug_macro   0x00001399       0x6a atmel_start.o
 .debug_macro   0x00001403      0x1df atmel_start.o
 .debug_macro   0x000015e2       0x22 atmel_start.o
 .debug_macro   0x00001604       0x54 atmel_start.o
 .debug_macro   0x00001658       0x1c atmel_start.o
 .debug_macro   0x00001674       0x22 atmel_start.o
 .debug_macro   0x00001696       0xdf atmel_start.o
 .debug_macro   0x00001775     0x102d atmel_start.o
 .debug_macro   0x000027a2      0x11f atmel_start.o
 .debug_macro   0x000028c1      0x706 atmel_start.o
 .debug_macro   0x00002fc7      0xb5b atmel_start.o
 .debug_macro   0x00003b22      0x3c0 atmel_start.o
 .debug_macro   0x00003ee2      0x336 atmel_start.o
 .debug_macro   0x00004218      0x3b7 atmel_start.o
 .debug_macro   0x000045cf      0x668 atmel_start.o
 .debug_macro   0x00004c37     0x143f atmel_start.o
 .debug_macro   0x00006076      0x651 atmel_start.o
 .debug_macro   0x000066c7      0x67b atmel_start.o
 .debug_macro   0x00006d42      0x6d7 atmel_start.o
 .debug_macro   0x00007419      0x172 atmel_start.o
 .debug_macro   0x0000758b      0x395 atmel_start.o
 .debug_macro   0x00007920       0x3a atmel_start.o
 .debug_macro   0x0000795a      0x72a atmel_start.o
 .debug_macro   0x00008084      0x59f atmel_start.o
 .debug_macro   0x00008623      0xbc0 atmel_start.o
 .debug_macro   0x000091e3      0x9b9 atmel_start.o
 .debug_macro   0x00009b9c      0x2a3 atmel_start.o
 .debug_macro   0x00009e3f      0x877 atmel_start.o
 .debug_macro   0x0000a6b6      0x1ea atmel_start.o
 .debug_macro   0x0000a8a0      0x8f4 atmel_start.o
 .debug_macro   0x0000b194      0x216 atmel_start.o
 .debug_macro   0x0000b3aa      0x3f9 atmel_start.o
 .debug_macro   0x0000b7a3      0x620 atmel_start.o
 .debug_macro   0x0000bdc3      0x10d atmel_start.o
 .debug_macro   0x0000bed0       0xb8 atmel_start.o
 .debug_macro   0x0000bf88     0x1df7 atmel_start.o
 .debug_macro   0x0000dd7f     0x2e69 atmel_start.o
 .debug_macro   0x00010be8     0x11ed atmel_start.o
 .debug_macro   0x00011dd5      0x50e atmel_start.o
 .debug_macro   0x000122e3      0x930 atmel_start.o
 .debug_macro   0x00012c13     0x1ad8 atmel_start.o
 .debug_macro   0x000146eb       0xe7 atmel_start.o
 .debug_macro   0x000147d2     0x13e6 atmel_start.o
 .debug_macro   0x00015bb8      0x36a atmel_start.o
 .debug_macro   0x00015f22       0x94 atmel_start.o
 .debug_macro   0x00015fb6       0xdc atmel_start.o
 .debug_macro   0x00016092       0xe2 atmel_start.o
 .debug_macro   0x00016174       0xdc atmel_start.o
 .debug_macro   0x00016250       0x46 atmel_start.o
 .debug_macro   0x00016296       0x4c atmel_start.o
 .debug_macro   0x000162e2       0xc4 atmel_start.o
 .debug_macro   0x000163a6      0x7d5 atmel_start.o
 .debug_macro   0x00016b7b       0xb8 atmel_start.o
 .debug_macro   0x00016c33       0x7c atmel_start.o
 .debug_macro   0x00016caf      0xc19 atmel_start.o
 .debug_macro   0x000178c8       0x46 atmel_start.o
 .debug_macro   0x0001790e      0x25b atmel_start.o
 .debug_macro   0x00017b69      0x170 atmel_start.o
 .debug_macro   0x00017cd9       0x7c atmel_start.o
 .debug_macro   0x00017d55       0x4c atmel_start.o
 .debug_macro   0x00017da1       0x82 atmel_start.o
 .debug_macro   0x00017e23      0x1a3 atmel_start.o
 .debug_macro   0x00017fc6       0x46 atmel_start.o
 .debug_macro   0x0001800c       0x6a atmel_start.o
 .debug_macro   0x00018076       0x46 atmel_start.o
 .debug_macro   0x000180bc       0x88 atmel_start.o
 .debug_macro   0x00018144       0x46 atmel_start.o
 .debug_macro   0x0001818a      0x24e atmel_start.o
 .debug_macro   0x000183d8       0x1c atmel_start.o
 .debug_macro   0x000183f4       0x76 atmel_start.o
 .debug_macro   0x0001846a       0x3a atmel_start.o
 .debug_macro   0x000184a4       0x2e atmel_start.o
 .debug_macro   0x000184d2      0x196 atmel_start.o
 .debug_macro   0x00018668      0x16f atmel_start.o
 .debug_macro   0x000187d7      0x25d atmel_start.o
 .debug_macro   0x00018a34      0x25d atmel_start.o
 .debug_macro   0x00018c91      0x25d atmel_start.o
 .debug_macro   0x00018eee      0x25d atmel_start.o
 .debug_macro   0x0001914b      0x25d atmel_start.o
 .debug_macro   0x000193a8      0x25d atmel_start.o
 .debug_macro   0x00019605       0x52 atmel_start.o
 .debug_macro   0x00019657       0xfa atmel_start.o
 .debug_macro   0x00019751       0xfa atmel_start.o
 .debug_macro   0x0001984b       0xfa atmel_start.o
 .debug_macro   0x00019945       0xfa atmel_start.o
 .debug_macro   0x00019a3f      0x148 atmel_start.o
 .debug_macro   0x00019b87      0x124 atmel_start.o
 .debug_macro   0x00019cab      0x106 atmel_start.o
 .debug_macro   0x00019db1       0x2e atmel_start.o
 .debug_macro   0x00019ddf      0x46a atmel_start.o
 .debug_macro   0x0001a249       0x3a atmel_start.o
 .debug_macro   0x0001a283      0x4bf atmel_start.o
 .debug_macro   0x0001a742     0x232c atmel_start.o
 .debug_macro   0x0001ca6e       0xcf atmel_start.o
 .debug_macro   0x0001cb3d       0x10 atmel_start.o
 .debug_macro   0x0001cb4d       0x10 atmel_start.o
 .debug_macro   0x0001cb5d       0x16 atmel_start.o
 .debug_macro   0x0001cb73       0x16 atmel_start.o
 .debug_macro   0x0001cb89       0x16 atmel_start.o
 .debug_macro   0x0001cb9f       0x16 atmel_start.o
 .debug_macro   0x0001cbb5       0x16 atmel_start.o
 .debug_macro   0x0001cbcb       0x40 atmel_start.o
 .debug_macro   0x0001cc0b       0x16 atmel_start.o
 .debug_macro   0x0001cc21       0x16 atmel_start.o
 .debug_macro   0x0001cc37       0x16 atmel_start.o
 .debug_macro   0x0001cc4d       0x16 atmel_start.o
 .debug_macro   0x0001cc63       0x16 atmel_start.o
 .debug_macro   0x0001cc79       0x16 atmel_start.o
 .debug_macro   0x0001cc8f       0x16 atmel_start.o
 .debug_macro   0x0001cca5       0x16 atmel_start.o
 .debug_macro   0x0001ccbb       0x16 atmel_start.o
 .debug_macro   0x0001ccd1       0x16 atmel_start.o
 .debug_macro   0x0001cce7       0x16 atmel_start.o
 .debug_macro   0x0001ccfd       0x16 atmel_start.o
 .debug_macro   0x0001cd13       0x16 atmel_start.o
 .debug_macro   0x0001cd29       0x16 atmel_start.o
 .debug_macro   0x0001cd3f       0x16 atmel_start.o
 .debug_macro   0x0001cd55       0x16 atmel_start.o
 .debug_macro   0x0001cd6b       0x16 atmel_start.o
 .debug_macro   0x0001cd81       0x16 atmel_start.o
 .debug_macro   0x0001cd97       0x16 atmel_start.o
 .debug_macro   0x0001cdad      0xe5c atmel_start.o
 .debug_macro   0x0001dc09      0x9b6 atmel_start.o
 .debug_macro   0x0001e5bf       0x94 atmel_start.o
 .debug_macro   0x0001e653       0x16 atmel_start.o
 .debug_macro   0x0001e669       0xbe atmel_start.o
 .debug_macro   0x0001e727      0x28c atmel_start.o
 .debug_macro   0x0001e9b3       0x16 atmel_start.o
 .debug_macro   0x0001e9c9      0x4d8 atmel_start.o
 .debug_macro   0x0001eea1       0x16 atmel_start.o
 .debug_macro   0x0001eeb7       0xca atmel_start.o
 .debug_macro   0x0001ef81       0x1c atmel_start.o
 .debug_macro   0x0001ef9d       0x16 atmel_start.o
 .debug_macro   0x0001efb3       0xcf atmel_start.o
 .debug_macro   0x0001f082      0x118 atmel_start.o
 .debug_macro   0x0001f19a       0xc9 atmel_start.o
 .debug_macro   0x0001f263       0x1c atmel_start.o
 .debug_macro   0x0001f27f       0x3a atmel_start.o
 .debug_macro   0x0001f2b9      0x79d BLDC_Control_Law.o
 .debug_macro   0x0001fa56       0x10 BLDC_Control_Law.o
 .debug_macro   0x0001fa66      0x7b6 BLDC_driver.o
 .debug_macro   0x0002021c       0x58 BLDC_driver.o
 .debug_macro   0x00020274      0x412 Device_Startup/startup_samd51.o
 .debug_macro   0x00020686       0x4e Device_Startup/startup_samd51.o
 .debug_macro   0x000206d4      0x7c6 driver_init.o
 .debug_macro   0x00020e9a      0x131 driver_init.o
 .debug_macro   0x00020fcb      0x84e encoder_driver.o
 .debug_macro   0x00021819       0x58 encoder_driver.o
 .debug_macro   0x00021871       0x35 encoder_driver.o
 .debug_macro   0x000218a6       0x9c encoder_driver.o
 .debug_macro   0x00021942       0x58 encoder_driver.o
 .debug_macro   0x0002199a       0x1f encoder_driver.o
 .debug_macro   0x000219b9       0x43 encoder_driver.o
 .debug_macro   0x000219fc       0x20 encoder_driver.o
 .debug_macro   0x00021a1c      0x187 encoder_driver.o
 .debug_macro   0x00021ba3      0x34d encoder_driver.o
 .debug_macro   0x00021ef0      0x1e1 encoder_driver.o
 .debug_macro   0x000220d1       0x1c encoder_driver.o
 .debug_macro   0x000220ed      0x622 hal/src/hal_adc_async.o
 .debug_macro   0x0002270f      0x5bd hal/src/hal_atomic.o
 .debug_macro   0x00022ccc      0x5f4 hal/src/hal_delay.o
 .debug_macro   0x000232c0      0x5d3 hal/src/hal_evsys.o
 .debug_macro   0x00023893      0x5d2 hal/src/hal_io.o
 .debug_macro   0x00023e65      0x5f2 hal/src/hal_qspi_sync.o
 .debug_macro   0x00024457      0x629 hal/src/hal_spi_m_async.o
 .debug_macro   0x00024a80      0x609 hal/src/hal_timer.o
 .debug_macro   0x00025089      0x5c7 hal/utils/src/utils_assert.o
 .debug_macro   0x00025650       0x10 hal/utils/src/utils_assert.o
 .debug_macro   0x00025660      0x5cc hal/utils/src/utils_list.o
 .debug_macro   0x00025c2c      0x5cc hal/utils/src/utils_ringbuffer.o
 .debug_macro   0x000261f8      0x620 hpl/adc/hpl_adc.o
 .debug_macro   0x00026818      0x6cc hpl/adc/hpl_adc.o
 .debug_macro   0x00026ee4      0x6ba hpl/adc/hpl_adc.o
 .debug_macro   0x0002759e      0x1c0 hpl/adc/hpl_adc.o
 .debug_macro   0x0002775e      0x5ff hpl/ccl/hpl_ccl.o
 .debug_macro   0x00027d5d      0x16a hpl/ccl/hpl_ccl.o
 .debug_macro   0x00027ec7      0x5fc hpl/core/hpl_core_m4.o
 .debug_macro   0x000284c3      0x660 hpl/core/hpl_init.o
 .debug_macro   0x00028b23       0x2e hpl/core/hpl_init.o
 .debug_macro   0x00028b51      0xd7b hpl/core/hpl_init.o
 .debug_macro   0x000298cc      0x664 hpl/evsys/hpl_evsys.o
 .debug_macro   0x00029f30      0x8dc hpl/evsys/hpl_evsys.o
 .debug_macro   0x0002a80c      0x5d6 hpl/gclk/hpl_gclk.o
 .debug_macro   0x0002ade2      0x2f0 hpl/gclk/hpl_gclk.o
 .debug_macro   0x0002b0d2      0x5d1 hpl/mclk/hpl_mclk.o
 .debug_macro   0x0002b6a3      0x5cc hpl/osc32kctrl/hpl_osc32kctrl.o
 .debug_macro   0x0002bc6f       0x80 hpl/osc32kctrl/hpl_osc32kctrl.o
 .debug_macro   0x0002bcef      0x5d6 hpl/oscctrl/hpl_oscctrl.o
 .debug_macro   0x0002c2c5      0x216 hpl/oscctrl/hpl_oscctrl.o
 .debug_macro   0x0002c4db      0x5f7 hpl/qspi/hpl_qspi.o
 .debug_macro   0x0002cad2       0x40 hpl/qspi/hpl_qspi.o
 .debug_macro   0x0002cb12      0x5e7 hpl/ramecc/hpl_ramecc.o
 .debug_macro   0x0002d0f9      0x81f hpl/sercom/hpl_sercom.o
 .debug_macro   0x0002d918       0x70 hpl/sercom/hpl_sercom.o
 .debug_macro   0x0002d988       0x94 hpl/sercom/hpl_sercom.o
 .debug_macro   0x0002da1c       0x10 hpl/sercom/hpl_sercom.o
 .debug_macro   0x0002da2c       0x22 hpl/sercom/hpl_sercom.o
 .debug_macro   0x0002da4e       0x10 hpl/sercom/hpl_sercom.o
 .debug_macro   0x0002da5e      0x5cc hpl/tcc/tcc_lite.o
 .debug_macro   0x0002e02a      0x644 hpl/tc/hpl_tc.o
 .debug_macro   0x0002e66e       0x10 hpl/tc/hpl_tc.o
 .debug_macro   0x0002e67e       0x83 hpl/tc/hpl_tc.o
 .debug_macro   0x0002e701      0x5cc hpl/tc/tc_lite.o
 .debug_macro   0x0002eccd      0x884 main.o
 .debug_macro   0x0002f551       0x22 main.o
 .debug_macro   0x0002f573      0x79e qspi_ethercat.o

.debug_line     0x00000000    0x1d134
 .debug_line    0x00000000      0xd98 atmel_start.o
 .debug_line    0x00000d98      0xde5 BLDC_Control_Law.o
 .debug_line    0x00001b7d     0x107e BLDC_driver.o
 .debug_line    0x00002bfb      0x7ea Device_Startup/startup_samd51.o
 .debug_line    0x000033e5     0x1225 driver_init.o
 .debug_line    0x0000460a      0xe31 encoder_driver.o
 .debug_line    0x0000543b      0xe00 hal/src/hal_adc_async.o
 .debug_line    0x0000623b      0xb10 hal/src/hal_atomic.o
 .debug_line    0x00006d4b      0xb44 hal/src/hal_delay.o
 .debug_line    0x0000788f      0xb51 hal/src/hal_evsys.o
 .debug_line    0x000083e0      0xb34 hal/src/hal_io.o
 .debug_line    0x00008f14      0xba7 hal/src/hal_qspi_sync.o
 .debug_line    0x00009abb      0xd46 hal/src/hal_spi_m_async.o
 .debug_line    0x0000a801      0xcb5 hal/src/hal_timer.o
 .debug_line    0x0000b4b6      0xae5 hal/utils/src/utils_assert.o
 .debug_line    0x0000bf9b      0xb7d hal/utils/src/utils_list.o
 .debug_line    0x0000cb18      0xb85 hal/utils/src/utils_ringbuffer.o
 .debug_line    0x0000d69d     0x14f3 hpl/adc/hpl_adc.o
 .debug_line    0x0000eb90      0xbcc hpl/ccl/hpl_ccl.o
 .debug_line    0x0000f75c      0xc60 hpl/core/hpl_core_m4.o
 .debug_line    0x000103bc      0xbfb hpl/core/hpl_init.o
 .debug_line    0x00010fb7      0xbf5 hpl/evsys/hpl_evsys.o
 .debug_line    0x00011bac      0xb7a hpl/gclk/hpl_gclk.o
 .debug_line    0x00012726      0xb08 hpl/mclk/hpl_mclk.o
 .debug_line    0x0001322e      0xb1d hpl/osc32kctrl/hpl_osc32kctrl.o
 .debug_line    0x00013d4b      0xc65 hpl/oscctrl/hpl_oscctrl.o
 .debug_line    0x000149b0      0xca6 hpl/qspi/hpl_qspi.o
 .debug_line    0x00015656      0xbab hpl/ramecc/hpl_ramecc.o
 .debug_line    0x00016201     0x2b9f hpl/sercom/hpl_sercom.o
 .debug_line    0x00018da0      0xb42 hpl/tcc/tcc_lite.o
 .debug_line    0x000198e2      0xe50 hpl/tc/hpl_tc.o
 .debug_line    0x0001a732      0xba9 hpl/tc/tc_lite.o
 .debug_line    0x0001b2db     0x1005 main.o
 .debug_line    0x0001c2e0      0xe54 qspi_ethercat.o

.debug_str      0x00000000    0xf030b
 .debug_str     0x00000000    0xd2a5d atmel_start.o
                              0xd3052 (size before relaxing)
 .debug_str     0x000d2a5d       0xdb BLDC_Control_Law.o
                              0xd30bb (size before relaxing)
 .debug_str     0x000d2b38     0x127f BLDC_driver.o
                              0xd43b3 (size before relaxing)
 .debug_str     0x000d3db7      0xb8d Device_Startup/startup_samd51.o
                              0xbbb2c (size before relaxing)
 .debug_str     0x000d4944     0x2014 driver_init.o
                              0xd553c (size before relaxing)
 .debug_str     0x000d6958     0x351e encoder_driver.o
                              0xd6685 (size before relaxing)
 .debug_str     0x000d9e76      0x5ae hal/src/hal_adc_async.o
                              0xd22d8 (size before relaxing)
 .debug_str     0x000da424       0x63 hal/src/hal_atomic.o
                              0xd1443 (size before relaxing)
 .debug_str     0x000da487       0x9b hal/src/hal_delay.o
                              0xd14ad (size before relaxing)
 .debug_str     0x000da522       0xca hal/src/hal_evsys.o
                              0xd1519 (size before relaxing)
 .debug_str     0x000da5ec       0x2c hal/src/hal_io.o
                              0xd14de (size before relaxing)
 .debug_str     0x000da618      0x18b hal/src/hal_qspi_sync.o
                              0xd1b33 (size before relaxing)
 .debug_str     0x000da7a3      0x485 hal/src/hal_spi_m_async.o
                              0xd2318 (size before relaxing)
 .debug_str     0x000dac28      0x2c3 hal/src/hal_timer.o
                              0xd1d70 (size before relaxing)
 .debug_str     0x000daeeb       0x2a hal/utils/src/utils_assert.o
                              0xd1453 (size before relaxing)
 .debug_str     0x000daf15       0x31 hal/utils/src/utils_list.o
                              0xd14fd (size before relaxing)
 .debug_str     0x000daf46       0x24 hal/utils/src/utils_ringbuffer.o
                              0xd14e7 (size before relaxing)
 .debug_str     0x000daf6a     0x73dc hpl/adc/hpl_adc.o
                              0xd9154 (size before relaxing)
 .debug_str     0x000e2346      0x824 hpl/ccl/hpl_ccl.o
                              0xd72c1 (size before relaxing)
 .debug_str     0x000e2b6a      0x129 hpl/core/hpl_core_m4.o
                              0xd29ab (size before relaxing)
 .debug_str     0x000e2c93     0x314d hpl/core/hpl_init.o
                              0xd58cc (size before relaxing)
 .debug_str     0x000e5de0     0x275d hpl/evsys/hpl_evsys.o
                              0xd929e (size before relaxing)
 .debug_str     0x000e853d      0xbf9 hpl/gclk/hpl_gclk.o
                              0xd2183 (size before relaxing)
 .debug_str     0x000e9136       0x47 hpl/mclk/hpl_mclk.o
                              0xd1fd3 (size before relaxing)
 .debug_str     0x000e917d      0x457 hpl/osc32kctrl/hpl_osc32kctrl.o
                              0xd18ab (size before relaxing)
 .debug_str     0x000e95d4      0xe0a hpl/oscctrl/hpl_oscctrl.o
                              0xd2f9c (size before relaxing)
 .debug_str     0x000ea3de      0x3a9 hpl/qspi/hpl_qspi.o
                              0xd23f9 (size before relaxing)
 .debug_str     0x000ea787      0x25d hpl/ramecc/hpl_ramecc.o
                              0xd2273 (size before relaxing)
 .debug_str     0x000ea9e4     0x4877 hpl/sercom/hpl_sercom.o
                              0xd7e6b (size before relaxing)
 .debug_str     0x000ef25b      0x136 hpl/tcc/tcc_lite.o
                              0xd1cc3 (size before relaxing)
 .debug_str     0x000ef391      0xa36 hpl/tc/hpl_tc.o
                              0xd3750 (size before relaxing)
 .debug_str     0x000efdc7       0x8c hpl/tc/tc_lite.o
                              0xd19d8 (size before relaxing)
 .debug_str     0x000efe53      0x389 main.o
                              0xd89a1 (size before relaxing)
 .debug_str     0x000f01dc      0x12f qspi_ethercat.o
                              0xd3327 (size before relaxing)

.debug_frame    0x00000000     0x2a2c
 .debug_frame   0x00000000       0x28 atmel_start.o
 .debug_frame   0x00000028       0x5c BLDC_Control_Law.o
 .debug_frame   0x00000084      0x1e0 BLDC_driver.o
 .debug_frame   0x00000264       0x38 Device_Startup/startup_samd51.o
 .debug_frame   0x0000029c      0x198 driver_init.o
 .debug_frame   0x00000434       0x34 encoder_driver.o
 .debug_frame   0x00000468      0x2c8 hal/src/hal_adc_async.o
 .debug_frame   0x00000730       0x40 hal/src/hal_atomic.o
 .debug_frame   0x00000770       0x68 hal/src/hal_delay.o
 .debug_frame   0x000007d8       0xb0 hal/src/hal_evsys.o
 .debug_frame   0x00000888       0x58 hal/src/hal_io.o
 .debug_frame   0x000008e0       0xa0 hal/src/hal_qspi_sync.o
 .debug_frame   0x00000980      0x230 hal/src/hal_spi_m_async.o
 .debug_frame   0x00000bb0      0x144 hal/src/hal_timer.o
 .debug_frame   0x00000cf4       0x20 hal/utils/src/utils_assert.o
 .debug_frame   0x00000d14       0x98 hal/utils/src/utils_list.o
 .debug_frame   0x00000dac       0x94 hal/utils/src/utils_ringbuffer.o
 .debug_frame   0x00000e40      0x4d0 hpl/adc/hpl_adc.o
 .debug_frame   0x00001310       0x50 hpl/ccl/hpl_ccl.o
 .debug_frame   0x00001360       0xec hpl/core/hpl_core_m4.o
 .debug_frame   0x0000144c       0x28 hpl/core/hpl_init.o
 .debug_frame   0x00001474       0x5c hpl/evsys/hpl_evsys.o
 .debug_frame   0x000014d0       0x30 hpl/gclk/hpl_gclk.o
 .debug_frame   0x00001500       0x20 hpl/mclk/hpl_mclk.o
 .debug_frame   0x00001520       0x20 hpl/osc32kctrl/hpl_osc32kctrl.o
 .debug_frame   0x00001540       0x30 hpl/oscctrl/hpl_oscctrl.o
 .debug_frame   0x00001570       0xb4 hpl/qspi/hpl_qspi.o
 .debug_frame   0x00001624       0x4c hpl/ramecc/hpl_ramecc.o
 .debug_frame   0x00001670      0xf6c hpl/sercom/hpl_sercom.o
 .debug_frame   0x000025dc       0x20 hpl/tcc/tcc_lite.o
 .debug_frame   0x000025fc      0x130 hpl/tc/hpl_tc.o
 .debug_frame   0x0000272c       0x30 hpl/tc/tc_lite.o
 .debug_frame   0x0000275c       0xac main.o
 .debug_frame   0x00002808       0xd8 qspi_ethercat.o
 .debug_frame   0x000028e0       0xac d:/program files/atmel/studio/7.0/toolchain/arm/arm-gnu-toolchain/bin/../lib/gcc/arm-none-eabi/6.3.1/thumb/v7e-m\libgcc.a(_arm_addsubdf3.o)
 .debug_frame   0x0000298c       0x50 d:/program files/atmel/studio/7.0/toolchain/arm/arm-gnu-toolchain/bin/../lib/gcc/arm-none-eabi/6.3.1/thumb/v7e-m\libgcc.a(_arm_muldivdf3.o)
 .debug_frame   0x000029dc       0x24 d:/program files/atmel/studio/7.0/toolchain/arm/arm-gnu-toolchain/bin/../lib/gcc/arm-none-eabi/6.3.1/thumb/v7e-m\libgcc.a(_arm_truncdfsf2.o)
 .debug_frame   0x00002a00       0x2c d:/program files/atmel/studio/7.0/toolchain/arm/arm-gnu-toolchain/bin/../lib/gcc/arm-none-eabi/6.3.1/../../../../arm-none-eabi/lib/thumb/v7e-m\libc_nano.a(lib_a-init.o)
